

================================================================
== Vivado HLS Report for 'DistCalc_DistCalcThread'
================================================================
* Date:           Mon Dec 23 12:15:29 2019

* Version:        2017.2 (Build 1909853 on Thu Jun 15 18:55:24 MDT 2017)
* Project:        ROGSAnne_HLS
* Solution:       solution_ROGSAnne
* Product family: zynq
* Target device:  xc7z010clg400-1


================================================================
== Performance Estimates
================================================================
+ Timing (ns): 
    * Summary: 
    +--------+-------+----------+------------+
    |  Clock | Target| Estimated| Uncertainty|
    +--------+-------+----------+------------+
    |ap_clk  |   8.00|      6.91|        1.00|
    +--------+-------+----------+------------+

+ Latency (clock cycles): 
    * Summary: 
    +-----+-----+-----+-----+---------+
    |  Latency  |  Interval | Pipeline|
    | min | max | min | max |   Type  |
    +-----+-----+-----+-----+---------+
    |    ?|    ?|    ?|    ?|   none  |
    +-----+-----+-----+-----+---------+

    + Detail: 
        * Instance: 
        N/A

        * Loop: 
        +-------------+-----+-----+----------+-----------+-----------+------+----------+
        |             |  Latency  | Iteration|  Initiation Interval  | Trip |          |
        |  Loop Name  | min | max |  Latency |  achieved |   target  | Count| Pipelined|
        +-------------+-----+-----+----------+-----------+-----------+------+----------+
        |- Loop 1     |    ?|    ?|         ?|          -|          -|  inf |    no    |
        | + Loop 1.1  |    ?|    ?|        75|          -|          -|     ?|    no    |
        +-------------+-----+-----+----------+-----------+-----------+------+----------+



================================================================
== Utilization Estimates
================================================================
* Summary: 
+-----------------+---------+-------+-------+-------+
|       Name      | BRAM_18K| DSP48E|   FF  |  LUT  |
+-----------------+---------+-------+-------+-------+
|DSP              |        -|      -|      -|      -|
|Expression       |        -|      -|    404|    170|
|FIFO             |        -|      -|      -|      -|
|Instance         |        -|     11|   4898|   4313|
|Memory           |        -|      -|      -|      -|
|Multiplexer      |        -|      -|      -|    431|
|Register         |        -|      -|    654|      -|
+-----------------+---------+-------+-------+-------+
|Total            |        0|     11|   5956|   4914|
+-----------------+---------+-------+-------+-------+
|Available        |      120|     80|  35200|  17600|
+-----------------+---------+-------+-------+-------+
|Utilization (%)  |        0|     13|     16|     27|
+-----------------+---------+-------+-------+-------+

+ Detail: 
    * Instance: 
    +-------------------------+----------------------+---------+-------+------+------+
    |         Instance        |        Module        | BRAM_18K| DSP48E|  FF  |  LUT |
    +-------------------------+----------------------+---------+-------+------+------+
    |DistCalc_dadd_64ncud_U1  |DistCalc_dadd_64ncud  |        0|      3|   687|  1071|
    |DistCalc_dsqrt_64eOg_U3  |DistCalc_dsqrt_64eOg  |        0|      0|  3341|  2220|
    |DistCalc_fptrunc_bkb_U0  |DistCalc_fptrunc_bkb  |        0|      0|   128|   277|
    |DistCalc_mul_32s_fYi_U4  |DistCalc_mul_32s_fYi  |        0|      4|   165|    50|
    |DistCalc_mul_32s_fYi_U5  |DistCalc_mul_32s_fYi  |        0|      4|   165|    50|
    |DistCalc_sitodp_3dEe_U2  |DistCalc_sitodp_3dEe  |        0|      0|   412|   645|
    +-------------------------+----------------------+---------+-------+------+------+
    |Total                    |                      |        0|     11|  4898|  4313|
    +-------------------------+----------------------+---------+-------+------+------+

    * DSP48: 
    N/A

    * Memory: 
    N/A

    * FIFO: 
    N/A

    * Expression: 
    +--------------------------------+----------+-------+-----+----+------------+------------+
    |          Variable Name         | Operation| DSP48E|  FF | LUT| Bitwidth P0| Bitwidth P1|
    +--------------------------------+----------+-------+-----+----+------------+------------+
    |i_1_fu_195_p2                   |     +    |      0|  101|  37|          32|           1|
    |tmp_1_fu_209_p2                 |     +    |      0|  101|  37|          32|          32|
    |tmp_7_fu_183_p2                 |     -    |      0|  101|  37|          32|          32|
    |tmp_9_fu_189_p2                 |     -    |      0|  101|  37|          32|          32|
    |ap_predicate_op115_read_state3  |    and   |      0|    0|   2|           1|           1|
    |tmp_4_fu_178_p2                 |   icmp   |      0|    0|  16|          32|          32|
    |ap_block_state2                 |    or    |      0|    0|   2|           1|           1|
    |ap_block_state3                 |    or    |      0|    0|   2|           1|           1|
    +--------------------------------+----------+-------+-----+----+------------+------------+
    |Total                           |          |      0|  404| 170|         163|         132|
    +--------------------------------+----------+-------+-----+----+------------+------------+

    * Multiplexer: 
    +-------------------+-----+-----------+-----+-----------+
    |        Name       | LUT | Input Size| Bits| Total Bits|
    +-------------------+-----+-----------+-----+-----------+
    |ap_NS_fsm          |  377|         77|    1|         77|
    |i_reg_149          |    9|          2|   32|         64|
    |totalDist_reg_119  |    9|          2|   64|        128|
    |x1_blk_n           |    9|          2|    1|          2|
    |x_reg_131          |    9|          2|   32|         64|
    |y2_blk_n           |    9|          2|    1|          2|
    |y_reg_140          |    9|          2|   32|         64|
    +-------------------+-----+-----------+-----+-----------+
    |Total              |  431|         89|  163|        401|
    +-------------------+-----+-----------+-----+-----------+

    * Register: 
    +-------------------+----+----+-----+-----------+
    |        Name       | FF | LUT| Bits| Const Bits|
    +-------------------+----+----+-----+-----------+
    |ap_CS_fsm          |  77|   0|   77|          0|
    |i_1_reg_257        |  32|   0|   32|          0|
    |i_reg_149          |  32|   0|   32|          0|
    |tmp_15_reg_217     |  32|   0|   32|          0|
    |tmp_18_reg_235     |  32|   0|   32|          0|
    |tmp_19_reg_240     |  32|   0|   32|          0|
    |tmp_1_reg_272      |  32|   0|   32|          0|
    |tmp_2_reg_277      |  64|   0|   64|          0|
    |tmp_3_reg_282      |  64|   0|   64|          0|
    |tmp_7_reg_245      |  32|   0|   32|          0|
    |tmp_8_reg_262      |  32|   0|   32|          0|
    |tmp_9_reg_251      |  32|   0|   32|          0|
    |tmp_reg_213        |   1|   0|    1|          0|
    |tmp_s_reg_267      |  32|   0|   32|          0|
    |totalDist_reg_119  |  64|   0|   64|          0|
    |x_reg_131          |  32|   0|   32|          0|
    |y_reg_140          |  32|   0|   32|          0|
    +-------------------+----+----+-----+-----------+
    |Total              | 654|   0|  654|          0|
    +-------------------+----+----+-----+-----------+



================================================================
== Interface
================================================================
* Summary: 
+-------------------+-----+-----+------------+--------------------------+--------------+
|     RTL Ports     | Dir | Bits|  Protocol  |       Source Object      |    C Type    |
+-------------------+-----+-----+------------+--------------------------+--------------+
|ap_clk             |  in |    1| ap_ctrl_hs | DistCalc::DistCalcThread | return value |
|ap_rst             |  in |    1| ap_ctrl_hs | DistCalc::DistCalcThread | return value |
|numberOfPoints     |  in |   32|   ap_none  |      numberOfPoints      |    pointer   |
|ready              |  in |    1|   ap_none  |           ready          |    pointer   |
|x1_dout            |  in |   32|   ap_fifo  |            x1            |    pointer   |
|x1_empty_n         |  in |    1|   ap_fifo  |            x1            |    pointer   |
|x1_read            | out |    1|   ap_fifo  |            x1            |    pointer   |
|y2_dout            |  in |   32|   ap_fifo  |            y2            |    pointer   |
|y2_empty_n         |  in |    1|   ap_fifo  |            y2            |    pointer   |
|y2_read            | out |    1|   ap_fifo  |            y2            |    pointer   |
|outputDist         | out |   32|   ap_vld   |        outputDist        |    pointer   |
|outputDist_ap_vld  | out |    1|   ap_vld   |        outputDist        |    pointer   |
+-------------------+-----+-----+------------+--------------------------+--------------+

