#-----------------------------------------------------------
# Vivado v2017.2 (64-bit)
# SW Build 1909853 on Thu Jun 15 18:39:09 MDT 2017
# IP Build 1909766 on Thu Jun 15 19:58:00 MDT 2017
# Start of session at: Thu Dec 19 13:47:19 2019
# Process ID: 11340
# Current directory: C:/Users/Mathi/Desktop/Skole/ERTS/project/ERTS_ProjektCode/ROGSAnne_simple
# Command line: vivado.exe -gui_launcher_event rodinguilauncherevent13860 C:\Users\Mathi\Desktop\Skole\ERTS\project\ERTS_ProjektCode\ROGSAnne_simple\ROGSAnne_simple.xpr
# Log file: C:/Users/Mathi/Desktop/Skole/ERTS/project/ERTS_ProjektCode/ROGSAnne_simple/vivado.log
# Journal file: C:/Users/Mathi/Desktop/Skole/ERTS/project/ERTS_ProjektCode/ROGSAnne_simple\vivado.jou
#-----------------------------------------------------------
start_gui
open_project C:/Users/Mathi/Desktop/Skole/ERTS/project/ERTS_ProjektCode/ROGSAnne_simple/ROGSAnne_simple.xpr
update_compile_order -fileset sources_1
launch_sdk -workspace C:/Users/Mathi/Desktop/Skole/ERTS/project/ERTS_ProjektCode/ROGSAnne_simple/ROGSAnne_simple.sdk -hwspec C:/Users/Mathi/Desktop/Skole/ERTS/project/ERTS_ProjektCode/ROGSAnne_simple/ROGSAnne_simple.sdk/system_wrapper.hdf
